IHP SG13G2 130nm synthesis and timing: pipe_q3_29_n16
============================================================================

Real standard cells and real Liberty timing on the process Croc taped out
in. Produced by scripts/run_pdk.py; see docs/pdk/README.md for the
methodology and its limits.

Configuration
----------------------------------------------------------------------------
  variant          0 (fully pipelined)
  format           Q3.29  (32-bit interface word)
  micro-rotations  16
  guard bits       2 integer, 4 fractional
  FIFO depths      4 in, 4 out

Area
----------------------------------------------------------------------------
  cells                    26398
  flip-flops               3277
  area after mapping       395735.5 um^2
  area after drive repair  400831.8 um^2  (+1.3%)

Timing, one repaired netlist across all three corners
----------------------------------------------------------------------------
  corner  conditions        path delay       Fmax  setup slack  hold slack
  slow    1.08 V, 125 C      16.759 ns    59.7 MHz    -0.000 ns    0.266 ns
  typ     1.20 V, 25 C       10.813 ns    92.5 MHz     5.946 ns    0.167 ns
  fast    1.65 V, -40 C       5.182 ns   193.0 MHz    11.576 ns    0.082 ns

Critical path at the slow corner
----------------------------------------------------------------------------
  startpoint  _47207_ (rising edge-triggered flip-flop clocked by clk)
              which is RTL register i_in_fifo.rptr_q [0]
  endpoint    _49144_ (rising edge-triggered flip-flop clocked by clk)
              which is RTL register i_unit.gen_pipelined.i_core.xq [37]
  cells       53
  runs through:
    carry chain (AOI/OAI) 35 of 53
    nand/nor/inv 8 of 53
    flip-flop 4 of 53
    xor/xnor (sum bits) 3 of 53
    mux (shifter or select) 3 of 53

  Full path report:
  [WARNING STA-0503] report_checks -group_count is deprecated. Use -group_path_count instead.
  Startpoint: _47207_ (rising edge-triggered flip-flop clocked by clk)
  Endpoint: _49144_ (rising edge-triggered flip-flop clocked by clk)
  Path Group: clk
  Path Type: max
  
      Delay      Time   Description
  -------------------------------------------------------------
     0.0000    0.0000   clock clk (rise edge)
     0.0000    0.0000   clock network delay (ideal)
     0.0000    0.0000 ^ _47207_/CLK (sg13g2_dfrbpq_2)
     2.8539    2.8539 ^ _47207_/Q (sg13g2_dfrbpq_2)
     1.0758    3.9297 ^ _26252_/X (sg13g2_mux4_1)
     0.1897    4.1193 v _26267_/Y (sg13g2_nor2_1)
     0.2599    4.3793 ^ _26276_/Y (sg13g2_nand3_1)
     0.7878    5.1671 v _26281_/Y (sg13g2_nand4_1)
     1.2484    6.4155 ^ _26584_/Y (sg13g2_nor2_1)
     0.8922    7.3077 ^ _43178_/X (sg13g2_and2_1)
     0.1959    7.5037 v _43180_/Y (sg13g2_o21ai_1)
     0.2647    7.7684 v _43182_/X (sg13g2_and3_1)
     0.1721    7.9405 v _43205_/X (sg13g2_and2_1)
     0.2394    8.1799 ^ _43233_/Y (sg13g2_a221oi_1)
     0.3098    8.4898 ^ _43234_/Y (sg13g2_xnor2_1)
     0.2743    8.7641 ^ _43235_/X (sg13g2_mux2_1)
     0.2767    9.0408 ^ _43237_/Y (sg13g2_xnor2_1)
     0.2215    9.2622 v _43267_/Y (sg13g2_a21oi_1)
     0.2393    9.5016 ^ _43293_/Y (sg13g2_o21ai_1)
     0.2579    9.7594 ^ _43323_/X (sg13g2_a21o_1)
     0.2050    9.9644 ^ _43353_/X (sg13g2_a21o_1)
     0.1541   10.1185 v _43385_/Y (sg13g2_a21oi_1)
     0.2453   10.3639 ^ _43413_/Y (sg13g2_o21ai_1)
     0.2023   10.5662 v _43444_/Y (sg13g2_a21oi_1)
     0.2280   10.7942 ^ _43473_/Y (sg13g2_o21ai_1)
     0.2016   10.9958 v _43504_/Y (sg13g2_a21oi_1)
     0.2341   11.2299 ^ _43529_/Y (sg13g2_o21ai_1)
     0.2082   11.4381 v _43557_/Y (sg13g2_a21oi_1)
     0.2268   11.6649 ^ _43589_/Y (sg13g2_o21ai_1)
     0.2556   11.9205 ^ _43617_/X (sg13g2_a21o_1)
     0.1517   12.0722 v _43650_/Y (sg13g2_a21oi_1)
     0.2294   12.3016 ^ _43675_/Y (sg13g2_o21ai_1)
     0.2019   12.5035 v _43709_/Y (sg13g2_a21oi_1)
     0.2379   12.7414 ^ _43735_/Y (sg13g2_o21ai_1)
     0.1994   12.9408 v _43770_/Y (sg13g2_a21oi_1)
     0.2365   13.1773 ^ _43792_/Y (sg13g2_o21ai_1)
     0.2068   13.3841 v _43826_/Y (sg13g2_a21oi_1)
     0.2397   13.6239 ^ _43853_/Y (sg13g2_o21ai_1)
     0.2018   13.8256 v _43882_/Y (sg13g2_a21oi_1)
     0.2344   14.0600 ^ _43912_/Y (sg13g2_o21ai_1)
     0.2066   14.2666 v _43942_/Y (sg13g2_a21oi_1)
     0.2182   14.4847 ^ _43973_/Y (sg13g2_o21ai_1)
     0.2541   14.7388 ^ _43999_/X (sg13g2_a21o_1)
     0.2115   14.9503 ^ _44034_/X (sg13g2_a21o_1)
     0.1359   15.0861 v _44064_/Y (sg13g2_a21oi_1)
     0.1307   15.2169 ^ _44065_/Y (sg13g2_nor2_1)
     0.1694   15.3863 ^ _44098_/X (sg13g2_a21o_1)
     0.1540   15.5403 v _44128_/Y (sg13g2_a21oi_1)
     0.2330   15.7732 ^ _44136_/Y (sg13g2_o21ai_1)
     0.1830   15.9562 v _44141_/Y (sg13g2_xnor2_1)
     0.2999   16.2561 ^ _44149_/Y (sg13g2_a221oi_1)
     0.1192   16.3753 v _44155_/Y (sg13g2_o21ai_1)
     0.1833   16.5585 v _44156_/X (sg13g2_mux2_1)
     0.0000   16.5585 v _49144_/D (sg13g2_dfrbpq_1)
              16.5585   data arrival time
  
    16.7587   16.7587   clock clk (rise edge)
     0.0000   16.7587   clock network delay (ideal)
     0.0000   16.7587   clock reconvergence pessimism
              16.7587 ^ _49144_/CLK (sg13g2_dfrbpq_1)
    -0.2002   16.5585   library setup time
              16.5585   data required time
  -------------------------------------------------------------
              16.5585   data required time
             -16.5585   data arrival time
  -------------------------------------------------------------
               0.0000   slack (VIOLATED)

Convergence of the repair target
----------------------------------------------------------------------------
  Each pass feeds the achieved delay back as the next target, so the
  reported Fmax is a converged measurement rather than a function of the
  probe period.
    iteration 0: target   40.000 ns -> delay   16.759 ns (slack +23.241 ns)
    iteration 1: target   16.759 ns -> delay   16.759 ns (slack -0.000 ns)

