
 /----------------------------------------------------------------------------\
 |                                                                            |
 |  yosys -- Yosys Open SYnthesis Suite                                       |
 |                                                                            |
 |  Copyright (C) 2012 - 2020  Claire Xenia Wolf <claire@yosyshq.com>         |
 |                                                                            |
 |  Permission to use, copy, modify, and/or distribute this software for any  |
 |  purpose with or without fee is hereby granted, provided that the above    |
 |  copyright notice and this permission notice appear in all copies.         |
 |                                                                            |
 |  THE SOFTWARE IS PROVIDED "AS IS" AND THE AUTHOR DISCLAIMS ALL WARRANTIES  |
 |  WITH REGARD TO THIS SOFTWARE INCLUDING ALL IMPLIED WARRANTIES OF          |
 |  MERCHANTABILITY AND FITNESS. IN NO EVENT SHALL THE AUTHOR BE LIABLE FOR   |
 |  ANY SPECIAL, DIRECT, INDIRECT, OR CONSEQUENTIAL DAMAGES OR ANY DAMAGES    |
 |  WHATSOEVER RESULTING FROM LOSS OF USE, DATA OR PROFITS, WHETHER IN AN     |
 |  ACTION OF CONTRACT, NEGLIGENCE OR OTHER TORTIOUS ACTION, ARISING OUT OF   |
 |  OR IN CONNECTION WITH THE USE OR PERFORMANCE OF THIS SOFTWARE.            |
 |                                                                            |
 \----------------------------------------------------------------------------/

 Yosys 0.33 (git sha1 2584903a060)


-- Executing script file `design_smt2.ys' --

1. Executing RTLIL frontend.
Input filename: design_prep.il

2. Executing HIERARCHY pass (managing design hierarchy).

2.1. Analyzing design hierarchy..
Top module:  \cordic_equiv_miter
Used module:     $paramod$70820d58573aa6bc151b08ca87828bb1aacf54b8\cordic_unit
Used module:         $paramod$801fe539f75c768c502eaedc222877d9a728ec18\cordic_pre
Used module:         $paramod$88d5efff5ea4ed3f4dc036b654af2da8e0760030\cordic_post
Used module:         $paramod$4bd8633b1a71c7555a354b0e88fbd5ae2933d1fe\cordic_core_pipe
Used module:             $paramod\cordic_stage\Width=32'00000000000000000000000000001110
Used module:     $paramod$d65250d32a3a3b63267a61a752ff3d1effa537d5\cordic_unit
Used module:         $paramod$4bd8633b1a71c7555a354b0e88fbd5ae2933d1fe\cordic_core_iter

2.2. Analyzing design hierarchy..
Top module:  \cordic_equiv_miter
Used module:     $paramod$70820d58573aa6bc151b08ca87828bb1aacf54b8\cordic_unit
Used module:         $paramod$801fe539f75c768c502eaedc222877d9a728ec18\cordic_pre
Used module:         $paramod$88d5efff5ea4ed3f4dc036b654af2da8e0760030\cordic_post
Used module:         $paramod$4bd8633b1a71c7555a354b0e88fbd5ae2933d1fe\cordic_core_pipe
Used module:             $paramod\cordic_stage\Width=32'00000000000000000000000000001110
Used module:     $paramod$d65250d32a3a3b63267a61a752ff3d1effa537d5\cordic_unit
Used module:         $paramod$4bd8633b1a71c7555a354b0e88fbd5ae2933d1fe\cordic_core_iter
Removed 0 unused modules.
Module cordic_equiv_miter directly or indirectly contains formal properties -> setting "keep" attribute.

3. Executing FORMALFF pass.

4. Executing DFFUNMAP pass (unmap clock enable and synchronous reset from FFs).

5. Printing statistics.

=== cordic_equiv_miter ===

   Number of wires:                108
   Number of wire bits:            522
   Number of public wires:          71
   Number of public wire bits:     373
   Number of memories:               0
   Number of memory bits:            0
   Number of processes:              0
   Number of cells:                 78
     $add                            2
     $anyinit                       20
     $anyseq                         6
     $assert                         6
     $assume                         1
     $eq                             7
     $ff                             1
     $logic_and                      6
     $mux                           25
     $not                            1
     $paramod$70820d58573aa6bc151b08ca87828bb1aacf54b8\cordic_unit      1
     $paramod$d65250d32a3a3b63267a61a752ff3d1effa537d5\cordic_unit      1
     $reduce_bool                    1

=== $paramod\cordic_stage\Width=32'00000000000000000000000000001110 ===

   Number of wires:                 23
   Number of wire bits:            245
   Number of public wires:          12
   Number of public wire bits:     130
   Number of memories:               0
   Number of memory bits:            0
   Number of processes:              0
   Number of cells:                 15
     $add                            3
     $eq                             1
     $logic_not                      1
     $mux                            5
     $not                            1
     $pmux                           1
     $sub                            3

=== $paramod$d65250d32a3a3b63267a61a752ff3d1effa537d5\cordic_unit ===

   Number of wires:                 33
   Number of wire bits:            271
   Number of public wires:          33
   Number of public wire bits:     271
   Number of memories:               0
   Number of memory bits:            0
   Number of processes:              0
   Number of cells:                  3
     $paramod$4bd8633b1a71c7555a354b0e88fbd5ae2933d1fe\cordic_core_iter      1
     $paramod$801fe539f75c768c502eaedc222877d9a728ec18\cordic_pre      1
     $paramod$88d5efff5ea4ed3f4dc036b654af2da8e0760030\cordic_post      1

=== $paramod$88d5efff5ea4ed3f4dc036b654af2da8e0760030\cordic_post ===

   Number of wires:                 58
   Number of wire bits:            471
   Number of public wires:          29
   Number of public wire bits:     213
   Number of memories:               0
   Number of memory bits:            0
   Number of processes:              0
   Number of cells:                 41
     $add                            5
     $gt                             4
     $logic_and                      1
     $logic_or                       1
     $lt                             5
     $mux                           22
     $neg                            2
     $sub                            1

=== $paramod$801fe539f75c768c502eaedc222877d9a728ec18\cordic_pre ===

   Number of wires:                102
   Number of wire bits:            718
   Number of public wires:          22
   Number of public wire bits:     194
   Number of memories:               0
   Number of memory bits:            0
   Number of processes:              0
   Number of cells:                 90
     $add                            2
     $anyseq                         4
     $eq                            10
     $gt                             4
     $le                             1
     $logic_and                      1
     $logic_not                      6
     $lt                             5
     $mux                           36
     $neg                            6
     $pmux                           5
     $reduce_or                      8
     $sub                            2

=== $paramod$70820d58573aa6bc151b08ca87828bb1aacf54b8\cordic_unit ===

   Number of wires:                 33
   Number of wire bits:            271
   Number of public wires:          33
   Number of public wire bits:     271
   Number of memories:               0
   Number of memory bits:            0
   Number of processes:              0
   Number of cells:                  3
     $paramod$4bd8633b1a71c7555a354b0e88fbd5ae2933d1fe\cordic_core_pipe      1
     $paramod$801fe539f75c768c502eaedc222877d9a728ec18\cordic_pre      1
     $paramod$88d5efff5ea4ed3f4dc036b654af2da8e0760030\cordic_post      1

=== $paramod$4bd8633b1a71c7555a354b0e88fbd5ae2933d1fe\cordic_core_pipe ===

   Number of wires:                142
   Number of wire bits:           1560
   Number of public wires:          88
   Number of public wire bits:    1206
   Number of memories:               0
   Number of memory bits:            0
   Number of processes:              0
   Number of cells:                100
     $anyinit                       25
     $assume                         1
     $eq                             7
     $logic_and                      6
     $logic_not                      2
     $mux                           49
     $not                            1
     $paramod\cordic_stage\Width=32'00000000000000000000000000001110      5
     $pmux                           3
     $reduce_or                      1

=== $paramod$4bd8633b1a71c7555a354b0e88fbd5ae2933d1fe\cordic_core_iter ===

   Number of wires:                 95
   Number of wire bits:            970
   Number of public wires:          54
   Number of public wire bits:     715
   Number of memories:               0
   Number of memory bits:            0
   Number of processes:              0
   Number of cells:                 70
     $add                            1
     $anyinit                        6
     $assume                         1
     $eq                             9
     $logic_and                      2
     $logic_not                      2
     $logic_or                       1
     $lt                             1
     $mux                           40
     $not                            1
     $paramod\cordic_stage\Width=32'00000000000000000000000000001110      1
     $pmux                           2
     $reduce_bool                    1
     $sshr                           2

=== design hierarchy ===

   cordic_equiv_miter                1
     $paramod$70820d58573aa6bc151b08ca87828bb1aacf54b8\cordic_unit      1
       $paramod$4bd8633b1a71c7555a354b0e88fbd5ae2933d1fe\cordic_core_pipe      1
         $paramod\cordic_stage\Width=32'00000000000000000000000000001110      5
       $paramod$801fe539f75c768c502eaedc222877d9a728ec18\cordic_pre      1
       $paramod$88d5efff5ea4ed3f4dc036b654af2da8e0760030\cordic_post      1
     $paramod$d65250d32a3a3b63267a61a752ff3d1effa537d5\cordic_unit      1
       $paramod$4bd8633b1a71c7555a354b0e88fbd5ae2933d1fe\cordic_core_iter      1
         $paramod\cordic_stage\Width=32'00000000000000000000000000001110      1
       $paramod$801fe539f75c768c502eaedc222877d9a728ec18\cordic_pre      1
       $paramod$88d5efff5ea4ed3f4dc036b654af2da8e0760030\cordic_post      1

   Number of wires:                869
   Number of wire bits:           7442
   Number of public wires:         453
   Number of public wire bits:    4430
   Number of memories:               0
   Number of memory bits:            0
   Number of processes:              0
   Number of cells:                592
     $add                           35
     $anyinit                       51
     $anyseq                        14
     $assert                         6
     $assume                         3
     $eq                            49
     $ff                             1
     $gt                            16
     $le                             2
     $logic_and                     18
     $logic_not                     22
     $logic_or                       3
     $lt                            21
     $mux                          260
     $neg                           16
     $not                            9
     $pmux                          21
     $reduce_bool                    2
     $reduce_or                     17
     $sshr                           2
     $sub                           24

6. Executing SMT2 backend.

6.1. Executing BMUXMAP pass.

6.2. Executing DEMUXMAP pass.
Creating SMT-LIBv2 representation of module $paramod$801fe539f75c768c502eaedc222877d9a728ec18\cordic_pre.
Creating SMT-LIBv2 representation of module $paramod$88d5efff5ea4ed3f4dc036b654af2da8e0760030\cordic_post.
Creating SMT-LIBv2 representation of module $paramod\cordic_stage\Width=32'00000000000000000000000000001110.
Creating SMT-LIBv2 representation of module $paramod$4bd8633b1a71c7555a354b0e88fbd5ae2933d1fe\cordic_core_iter.
Creating SMT-LIBv2 representation of module $paramod$4bd8633b1a71c7555a354b0e88fbd5ae2933d1fe\cordic_core_pipe.
Creating SMT-LIBv2 representation of module $paramod$70820d58573aa6bc151b08ca87828bb1aacf54b8\cordic_unit.
Creating SMT-LIBv2 representation of module $paramod$d65250d32a3a3b63267a61a752ff3d1effa537d5\cordic_unit.
Creating SMT-LIBv2 representation of module cordic_equiv_miter.

End of script. Logfile hash: 974baba4d4, CPU: user 0.04s system 0.00s, MEM: 16.88 MB peak
Yosys 0.33 (git sha1 2584903a060)
Time spent: 73% 2x write_smt2 (0 sec), 21% 2x read_rtlil (0 sec), ...
