
 /----------------------------------------------------------------------------\
 |                                                                            |
 |  yosys -- Yosys Open SYnthesis Suite                                       |
 |                                                                            |
 |  Copyright (C) 2012 - 2020  Claire Xenia Wolf <claire@yosyshq.com>         |
 |                                                                            |
 |  Permission to use, copy, modify, and/or distribute this software for any  |
 |  purpose with or without fee is hereby granted, provided that the above    |
 |  copyright notice and this permission notice appear in all copies.         |
 |                                                                            |
 |  THE SOFTWARE IS PROVIDED "AS IS" AND THE AUTHOR DISCLAIMS ALL WARRANTIES  |
 |  WITH REGARD TO THIS SOFTWARE INCLUDING ALL IMPLIED WARRANTIES OF          |
 |  MERCHANTABILITY AND FITNESS. IN NO EVENT SHALL THE AUTHOR BE LIABLE FOR   |
 |  ANY SPECIAL, DIRECT, INDIRECT, OR CONSEQUENTIAL DAMAGES OR ANY DAMAGES    |
 |  WHATSOEVER RESULTING FROM LOSS OF USE, DATA OR PROFITS, WHETHER IN AN     |
 |  ACTION OF CONTRACT, NEGLIGENCE OR OTHER TORTIOUS ACTION, ARISING OUT OF   |
 |  OR IN CONNECTION WITH THE USE OR PERFORMANCE OF THIS SOFTWARE.            |
 |                                                                            |
 \----------------------------------------------------------------------------/

 Yosys 0.33 (git sha1 2584903a060)


-- Executing script file `design_prep.ys' --

1. Executing RTLIL frontend.
Input filename: design.il

2. Executing SCC pass (detecting logic loops).
Found 0 SCCs in module cordic_equiv_miter.
Found 0 SCCs in module $paramod\cordic_stage\Width=32'00000000000000000000000000001110.
Found 0 SCCs in module $paramod$d65250d32a3a3b63267a61a752ff3d1effa537d5\cordic_unit.
Found 0 SCCs in module $paramod$88d5efff5ea4ed3f4dc036b654af2da8e0760030\cordic_post.
Found 0 SCCs in module $paramod$801fe539f75c768c502eaedc222877d9a728ec18\cordic_pre.
Found 0 SCCs in module $paramod$70820d58573aa6bc151b08ca87828bb1aacf54b8\cordic_unit.
Found 0 SCCs in module $paramod$4bd8633b1a71c7555a354b0e88fbd5ae2933d1fe\cordic_core_pipe.
Found 0 SCCs in module $paramod$4bd8633b1a71c7555a354b0e88fbd5ae2933d1fe\cordic_core_iter.
Found 0 SCCs.

3. Executing SIMPLEMAP pass (map simple cells to gate primitives).

4. Executing MEMORY_NORDFF pass (extracting $dff cells from memories).

5. Executing ASYNC2SYNC pass.
Replacing cordic_equiv_miter.$procdff$1360 ($adff): ARST=\rst_ni, D=$0\i_cnt[7:0], Q=\i_cnt
Replacing cordic_equiv_miter.$procdff$1359 ($adff): ARST=\rst_ni, D=$0\p_cnt[7:0], Q=\p_cnt
Replacing $paramod$4bd8633b1a71c7555a354b0e88fbd5ae2933d1fe\cordic_core_pipe.$procdff$1385 ($adff): ARST=\rst_ni, D=$0\vq[0:0], Q=\vq [0]
Replacing $paramod$4bd8633b1a71c7555a354b0e88fbd5ae2933d1fe\cordic_core_pipe.$procdff$1380 ($adff): ARST=\rst_ni, D=$0\vq[1:1], Q=\vq [1]
Replacing $paramod$4bd8633b1a71c7555a354b0e88fbd5ae2933d1fe\cordic_core_pipe.$procdff$1375 ($adff): ARST=\rst_ni, D=$0\vq[2:2], Q=\vq [2]
Replacing $paramod$4bd8633b1a71c7555a354b0e88fbd5ae2933d1fe\cordic_core_pipe.$procdff$1370 ($adff): ARST=\rst_ni, D=$0\vq[3:3], Q=\vq [3]
Replacing $paramod$4bd8633b1a71c7555a354b0e88fbd5ae2933d1fe\cordic_core_pipe.$procdff$1365 ($adff): ARST=\rst_ni, D=$0\vq[4:4], Q=\vq [4]
Replacing $paramod$4bd8633b1a71c7555a354b0e88fbd5ae2933d1fe\cordic_core_iter.$procdff$1391 ($adff): ARST=\rst_ni, D=$0\cnt_q[2:0], Q=\cnt_q
Replacing $paramod$4bd8633b1a71c7555a354b0e88fbd5ae2933d1fe\cordic_core_iter.$procdff$1390 ($adff): ARST=\rst_ni, D=$0\state_q[1:0], Q=\state_q

6. Executing OPT_CLEAN pass (remove unused cells and wires).
Finding unused cells or wires in module \cordic_equiv_miter..
Finding unused cells or wires in module $paramod\cordic_stage\Width=32'00000000000000000000000000001110..
Finding unused cells or wires in module $paramod$d65250d32a3a3b63267a61a752ff3d1effa537d5\cordic_unit..
Finding unused cells or wires in module $paramod$88d5efff5ea4ed3f4dc036b654af2da8e0760030\cordic_post..
Finding unused cells or wires in module $paramod$801fe539f75c768c502eaedc222877d9a728ec18\cordic_pre..
Finding unused cells or wires in module $paramod$70820d58573aa6bc151b08ca87828bb1aacf54b8\cordic_unit..
Finding unused cells or wires in module $paramod$4bd8633b1a71c7555a354b0e88fbd5ae2933d1fe\cordic_core_pipe..
Finding unused cells or wires in module $paramod$4bd8633b1a71c7555a354b0e88fbd5ae2933d1fe\cordic_core_iter..

7. Executing FORMALFF pass.

8. Executing OPT_CLEAN pass (remove unused cells and wires).
Finding unused cells or wires in module $paramod$4bd8633b1a71c7555a354b0e88fbd5ae2933d1fe\cordic_core_iter..
Finding unused cells or wires in module $paramod$4bd8633b1a71c7555a354b0e88fbd5ae2933d1fe\cordic_core_pipe..
Finding unused cells or wires in module $paramod$70820d58573aa6bc151b08ca87828bb1aacf54b8\cordic_unit..
Finding unused cells or wires in module $paramod$801fe539f75c768c502eaedc222877d9a728ec18\cordic_pre..
Finding unused cells or wires in module $paramod$88d5efff5ea4ed3f4dc036b654af2da8e0760030\cordic_post..
Finding unused cells or wires in module $paramod$d65250d32a3a3b63267a61a752ff3d1effa537d5\cordic_unit..
Finding unused cells or wires in module $paramod\cordic_stage\Width=32'00000000000000000000000000001110..
Finding unused cells or wires in module \cordic_equiv_miter..
Removed 11 unused cells and 11 unused wires.
<suppressed ~14 debug messages>

9. Executing CHECK pass (checking for obvious problems).
Checking module $paramod$4bd8633b1a71c7555a354b0e88fbd5ae2933d1fe\cordic_core_iter...
Checking module $paramod$4bd8633b1a71c7555a354b0e88fbd5ae2933d1fe\cordic_core_pipe...
Checking module $paramod$70820d58573aa6bc151b08ca87828bb1aacf54b8\cordic_unit...
Checking module $paramod$801fe539f75c768c502eaedc222877d9a728ec18\cordic_pre...
Checking module $paramod$88d5efff5ea4ed3f4dc036b654af2da8e0760030\cordic_post...
Checking module $paramod$d65250d32a3a3b63267a61a752ff3d1effa537d5\cordic_unit...
Checking module $paramod\cordic_stage\Width=32'00000000000000000000000000001110...
Checking module cordic_equiv_miter...
Found and reported 0 problems.

10. Executing SETUNDEF pass (replace undef values with defined constants).

11. Executing OPT pass (performing simple optimizations).

11.1. Executing OPT_EXPR pass (perform const folding).
Optimizing module $paramod$4bd8633b1a71c7555a354b0e88fbd5ae2933d1fe\cordic_core_iter.
Optimizing module $paramod$4bd8633b1a71c7555a354b0e88fbd5ae2933d1fe\cordic_core_pipe.
Optimizing module $paramod$70820d58573aa6bc151b08ca87828bb1aacf54b8\cordic_unit.
Optimizing module $paramod$801fe539f75c768c502eaedc222877d9a728ec18\cordic_pre.
Optimizing module $paramod$88d5efff5ea4ed3f4dc036b654af2da8e0760030\cordic_post.
Optimizing module $paramod$d65250d32a3a3b63267a61a752ff3d1effa537d5\cordic_unit.
Optimizing module $paramod\cordic_stage\Width=32'00000000000000000000000000001110.
Optimizing module cordic_equiv_miter.

11.2. Executing OPT_MERGE pass (detect identical cells).
Finding identical cells in module `$paramod$4bd8633b1a71c7555a354b0e88fbd5ae2933d1fe\cordic_core_iter'.
Finding identical cells in module `$paramod$4bd8633b1a71c7555a354b0e88fbd5ae2933d1fe\cordic_core_pipe'.
Finding identical cells in module `$paramod$70820d58573aa6bc151b08ca87828bb1aacf54b8\cordic_unit'.
Finding identical cells in module `$paramod$801fe539f75c768c502eaedc222877d9a728ec18\cordic_pre'.
Finding identical cells in module `$paramod$88d5efff5ea4ed3f4dc036b654af2da8e0760030\cordic_post'.
Finding identical cells in module `$paramod$d65250d32a3a3b63267a61a752ff3d1effa537d5\cordic_unit'.
Finding identical cells in module `$paramod\cordic_stage\Width=32'00000000000000000000000000001110'.
Finding identical cells in module `\cordic_equiv_miter'.
Removed a total of 0 cells.

11.3. Executing OPT_DFF pass (perform DFF optimizations).

11.4. Executing OPT_CLEAN pass (remove unused cells and wires).
Finding unused cells or wires in module $paramod$4bd8633b1a71c7555a354b0e88fbd5ae2933d1fe\cordic_core_iter..
Finding unused cells or wires in module $paramod$4bd8633b1a71c7555a354b0e88fbd5ae2933d1fe\cordic_core_pipe..
Finding unused cells or wires in module $paramod$70820d58573aa6bc151b08ca87828bb1aacf54b8\cordic_unit..
Finding unused cells or wires in module $paramod$801fe539f75c768c502eaedc222877d9a728ec18\cordic_pre..
Finding unused cells or wires in module $paramod$88d5efff5ea4ed3f4dc036b654af2da8e0760030\cordic_post..
Finding unused cells or wires in module $paramod$d65250d32a3a3b63267a61a752ff3d1effa537d5\cordic_unit..
Finding unused cells or wires in module $paramod\cordic_stage\Width=32'00000000000000000000000000001110..
Finding unused cells or wires in module \cordic_equiv_miter..
Removed 15 unused cells and 30 unused wires.
<suppressed ~32 debug messages>

11.5. Finished fast OPT passes.

12. Executing OPT_CLEAN pass (remove unused cells and wires).
Finding unused cells or wires in module $paramod$4bd8633b1a71c7555a354b0e88fbd5ae2933d1fe\cordic_core_iter..
Finding unused cells or wires in module $paramod$4bd8633b1a71c7555a354b0e88fbd5ae2933d1fe\cordic_core_pipe..
Finding unused cells or wires in module $paramod$70820d58573aa6bc151b08ca87828bb1aacf54b8\cordic_unit..
Finding unused cells or wires in module $paramod$801fe539f75c768c502eaedc222877d9a728ec18\cordic_pre..
Finding unused cells or wires in module $paramod$88d5efff5ea4ed3f4dc036b654af2da8e0760030\cordic_post..
Finding unused cells or wires in module $paramod$d65250d32a3a3b63267a61a752ff3d1effa537d5\cordic_unit..
Finding unused cells or wires in module $paramod\cordic_stage\Width=32'00000000000000000000000000001110..
Finding unused cells or wires in module \cordic_equiv_miter..
Removed 0 unused cells and 16 unused wires.
<suppressed ~2 debug messages>

13. Executing RTLIL backend.
Output filename: ../model/design_prep.il

End of script. Logfile hash: a8f8953b09, CPU: user 0.15s system 0.01s, MEM: 16.88 MB peak
Yosys 0.33 (git sha1 2584903a060)
Time spent: 37% 4x opt_clean (0 sec), 14% 1x check (0 sec), ...
