CORDIC accelerator synthesis report: iter_q3_13_n15
========================================================================

Produced by scripts/run_synth.py, which runs scripts/synth.ys.in
through Yosys. Technology-independent mapping (abc -g cmos4), so the
counts are gate equivalents, comparable between configurations but
not IHP 130nm areas.

Configuration
------------------------------------------------------------------------
  top          cordic_accel
  variant      1
  data_width   16
  frac_bits    13
  num_stages   15
  guard_int    2
  guard_frac   4
  in_depth     4
  out_depth    4
  id_width     3
  use_rready   0
  format       Q3.13
  variant      iterative (folded)

Totals
------------------------------------------------------------------------
  wires                  5155
  wire bits              10383
  cells                  5879
  flip-flops             748
  combinational cells    5131
  longest logic depth    39 (register to register, gates)

Checks
------------------------------------------------------------------------
  hierarchy -check       passed, no undefined module instantiated
  check -assert          passed, no combinational loop, no
                         multiply-driven or undriven wire
  inferred latches       none ($dlatch, $_DLATCH_*, $sr, $_SR_*
                         all asserted empty, before and after
                         technology mapping)
  unmapped submodules    none, every cell is a Yosys primitive
  tristate               none

Cells by type
------------------------------------------------------------------------
  $_NAND_                      1377
  $_NOR_                       1278
  $_AOI3_                       815
  $_NOT_                        786
  $_OAI3_                       764
  $_DFFE_PP_                    589
  $_DFFE_PN0P_                  136
  $_AOI4_                        75
  $_OAI4_                        36
  $_DFF_PN0_                     20
  $_SDFFCE_PN0P_                  3

