
 /----------------------------------------------------------------------------\
 |                                                                            |
 |  yosys -- Yosys Open SYnthesis Suite                                       |
 |                                                                            |
 |  Copyright (C) 2012 - 2020  Claire Xenia Wolf <claire@yosyshq.com>         |
 |                                                                            |
 |  Permission to use, copy, modify, and/or distribute this software for any  |
 |  purpose with or without fee is hereby granted, provided that the above    |
 |  copyright notice and this permission notice appear in all copies.         |
 |                                                                            |
 |  THE SOFTWARE IS PROVIDED "AS IS" AND THE AUTHOR DISCLAIMS ALL WARRANTIES  |
 |  WITH REGARD TO THIS SOFTWARE INCLUDING ALL IMPLIED WARRANTIES OF          |
 |  MERCHANTABILITY AND FITNESS. IN NO EVENT SHALL THE AUTHOR BE LIABLE FOR   |
 |  ANY SPECIAL, DIRECT, INDIRECT, OR CONSEQUENTIAL DAMAGES OR ANY DAMAGES    |
 |  WHATSOEVER RESULTING FROM LOSS OF USE, DATA OR PROFITS, WHETHER IN AN     |
 |  ACTION OF CONTRACT, NEGLIGENCE OR OTHER TORTIOUS ACTION, ARISING OUT OF   |
 |  OR IN CONNECTION WITH THE USE OR PERFORMANCE OF THIS SOFTWARE.            |
 |                                                                            |
 \----------------------------------------------------------------------------/

 Yosys 0.33 (git sha1 2584903a060)


-- Executing script file `design_smt2.ys' --

1. Executing RTLIL frontend.
Input filename: design_prep.il

2. Executing HIERARCHY pass (managing design hierarchy).

2.1. Analyzing design hierarchy..
Top module:  \cordic_equiv_miter
Used module:     $paramod$cc41f0f1fb532ba15e3021d37c511b6ad3cc92e8\cordic_unit
Used module:         $paramod$b02c9d36aaa4dbd0d9cdbdcdbb4e43566c76ccad\cordic_pre
Used module:         $paramod$61776569a85344245b9d64c3251b7e6f7af13812\cordic_post
Used module:         $paramod$b72822fcce2f5a77a02b62b897e0418c1140494b\cordic_core_pipe
Used module:             $paramod\cordic_stage\Width=32'00000000000000000000000000010110
Used module:     $paramod$51b84add644ca772061a781b3b7f6e777930bbec\cordic_unit
Used module:         $paramod$b72822fcce2f5a77a02b62b897e0418c1140494b\cordic_core_iter

2.2. Analyzing design hierarchy..
Top module:  \cordic_equiv_miter
Used module:     $paramod$cc41f0f1fb532ba15e3021d37c511b6ad3cc92e8\cordic_unit
Used module:         $paramod$b02c9d36aaa4dbd0d9cdbdcdbb4e43566c76ccad\cordic_pre
Used module:         $paramod$61776569a85344245b9d64c3251b7e6f7af13812\cordic_post
Used module:         $paramod$b72822fcce2f5a77a02b62b897e0418c1140494b\cordic_core_pipe
Used module:             $paramod\cordic_stage\Width=32'00000000000000000000000000010110
Used module:     $paramod$51b84add644ca772061a781b3b7f6e777930bbec\cordic_unit
Used module:         $paramod$b72822fcce2f5a77a02b62b897e0418c1140494b\cordic_core_iter
Removed 0 unused modules.
Module cordic_equiv_miter directly or indirectly contains formal properties -> setting "keep" attribute.

3. Executing FORMALFF pass.

4. Executing DFFUNMAP pass (unmap clock enable and synchronous reset from FFs).

5. Printing statistics.

=== cordic_equiv_miter ===

   Number of wires:                108
   Number of wire bits:            758
   Number of public wires:          71
   Number of public wire bits:     561
   Number of memories:               0
   Number of memory bits:            0
   Number of processes:              0
   Number of cells:                 78
     $add                            2
     $anyinit                       20
     $anyseq                         6
     $assert                         6
     $assume                         1
     $eq                             7
     $ff                             1
     $logic_and                      6
     $mux                           25
     $not                            1
     $paramod$51b84add644ca772061a781b3b7f6e777930bbec\cordic_unit      1
     $paramod$cc41f0f1fb532ba15e3021d37c511b6ad3cc92e8\cordic_unit      1
     $reduce_bool                    1

=== $paramod\cordic_stage\Width=32'00000000000000000000000000010110 ===

   Number of wires:                 23
   Number of wire bits:            381
   Number of public wires:          12
   Number of public wire bits:     202
   Number of memories:               0
   Number of memory bits:            0
   Number of processes:              0
   Number of cells:                 15
     $add                            3
     $eq                             1
     $logic_not                      1
     $mux                            5
     $not                            1
     $pmux                           1
     $sub                            3

=== $paramod$cc41f0f1fb532ba15e3021d37c511b6ad3cc92e8\cordic_unit ===

   Number of wires:                 33
   Number of wire bits:            401
   Number of public wires:          33
   Number of public wire bits:     401
   Number of memories:               0
   Number of memory bits:            0
   Number of processes:              0
   Number of cells:                  3
     $paramod$61776569a85344245b9d64c3251b7e6f7af13812\cordic_post      1
     $paramod$b02c9d36aaa4dbd0d9cdbdcdbb4e43566c76ccad\cordic_pre      1
     $paramod$b72822fcce2f5a77a02b62b897e0418c1140494b\cordic_core_pipe      1

=== $paramod$b72822fcce2f5a77a02b62b897e0418c1140494b\cordic_core_pipe ===

   Number of wires:                368
   Number of wire bits:           6250
   Number of public wires:         218
   Number of public wire bits:    4840
   Number of memories:               0
   Number of memory bits:            0
   Number of processes:              0
   Number of cells:                261
     $anyinit                       75
     $assume                         1
     $eq                            13
     $logic_and                     16
     $logic_not                      2
     $mux                          131
     $not                            1
     $paramod\cordic_stage\Width=32'00000000000000000000000000010110     15
     $pmux                           6
     $reduce_or                      1

=== $paramod$b72822fcce2f5a77a02b62b897e0418c1140494b\cordic_core_iter ===

   Number of wires:                146
   Number of wire bits:           2874
   Number of public wires:          54
   Number of public wire bits:    1751
   Number of memories:               0
   Number of memory bits:            0
   Number of processes:              0
   Number of cells:                120
     $add                            1
     $anyinit                        6
     $assume                         1
     $eq                            19
     $logic_and                      2
     $logic_not                      2
     $logic_or                       1
     $lt                             1
     $mux                           80
     $not                            1
     $paramod\cordic_stage\Width=32'00000000000000000000000000010110      1
     $pmux                           2
     $reduce_bool                    1
     $sshr                           2

=== $paramod$b02c9d36aaa4dbd0d9cdbdcdbb4e43566c76ccad\cordic_pre ===

   Number of wires:                102
   Number of wire bits:           1086
   Number of public wires:          22
   Number of public wire bits:     290
   Number of memories:               0
   Number of memory bits:            0
   Number of processes:              0
   Number of cells:                 90
     $add                            2
     $anyseq                         4
     $eq                            10
     $gt                             4
     $le                             1
     $logic_and                      1
     $logic_not                      6
     $lt                             5
     $mux                           36
     $neg                            6
     $pmux                           5
     $reduce_or                      8
     $sub                            2

=== $paramod$61776569a85344245b9d64c3251b7e6f7af13812\cordic_post ===

   Number of wires:                 60
   Number of wire bits:            766
   Number of public wires:          29
   Number of public wire bits:     333
   Number of memories:               0
   Number of memory bits:            0
   Number of processes:              0
   Number of cells:                 43
     $add                            5
     $eq                             1
     $gt                             4
     $logic_and                      1
     $logic_or                       1
     $lt                             5
     $mux                           23
     $neg                            2
     $sub                            1

=== $paramod$51b84add644ca772061a781b3b7f6e777930bbec\cordic_unit ===

   Number of wires:                 33
   Number of wire bits:            401
   Number of public wires:          33
   Number of public wire bits:     401
   Number of memories:               0
   Number of memory bits:            0
   Number of processes:              0
   Number of cells:                  3
     $paramod$61776569a85344245b9d64c3251b7e6f7af13812\cordic_post      1
     $paramod$b02c9d36aaa4dbd0d9cdbdcdbb4e43566c76ccad\cordic_pre      1
     $paramod$b72822fcce2f5a77a02b62b897e0418c1140494b\cordic_core_iter      1

=== design hierarchy ===

   cordic_equiv_miter                1
     $paramod$51b84add644ca772061a781b3b7f6e777930bbec\cordic_unit      1
       $paramod$61776569a85344245b9d64c3251b7e6f7af13812\cordic_post      1
       $paramod$b02c9d36aaa4dbd0d9cdbdcdbb4e43566c76ccad\cordic_pre      1
       $paramod$b72822fcce2f5a77a02b62b897e0418c1140494b\cordic_core_iter      1
         $paramod\cordic_stage\Width=32'00000000000000000000000000010110      1
     $paramod$cc41f0f1fb532ba15e3021d37c511b6ad3cc92e8\cordic_unit      1
       $paramod$61776569a85344245b9d64c3251b7e6f7af13812\cordic_post      1
       $paramod$b02c9d36aaa4dbd0d9cdbdcdbb4e43566c76ccad\cordic_pre      1
       $paramod$b72822fcce2f5a77a02b62b897e0418c1140494b\cordic_core_pipe      1
         $paramod\cordic_stage\Width=32'00000000000000000000000000010110     15

   Number of wires:               1380
   Number of wire bits:          20484
   Number of public wires:         703
   Number of public wire bits:   12432
   Number of memories:               0
   Number of memory bits:            0
   Number of processes:              0
   Number of cells:                947
     $add                           65
     $anyinit                      101
     $anyseq                        14
     $assert                         6
     $assume                         3
     $eq                            77
     $ff                             1
     $gt                            16
     $le                             2
     $logic_and                     28
     $logic_not                     32
     $logic_or                       3
     $lt                            21
     $mux                          434
     $neg                           16
     $not                           19
     $pmux                          34
     $reduce_bool                    2
     $reduce_or                     17
     $sshr                           2
     $sub                           54

6. Executing SMT2 backend.

6.1. Executing BMUXMAP pass.

6.2. Executing DEMUXMAP pass.
Creating SMT-LIBv2 representation of module $paramod$61776569a85344245b9d64c3251b7e6f7af13812\cordic_post.
Creating SMT-LIBv2 representation of module $paramod$b02c9d36aaa4dbd0d9cdbdcdbb4e43566c76ccad\cordic_pre.
Creating SMT-LIBv2 representation of module $paramod\cordic_stage\Width=32'00000000000000000000000000010110.
Creating SMT-LIBv2 representation of module $paramod$b72822fcce2f5a77a02b62b897e0418c1140494b\cordic_core_iter.
Creating SMT-LIBv2 representation of module $paramod$b72822fcce2f5a77a02b62b897e0418c1140494b\cordic_core_pipe.
Creating SMT-LIBv2 representation of module $paramod$51b84add644ca772061a781b3b7f6e777930bbec\cordic_unit.
Creating SMT-LIBv2 representation of module $paramod$cc41f0f1fb532ba15e3021d37c511b6ad3cc92e8\cordic_unit.
Creating SMT-LIBv2 representation of module cordic_equiv_miter.

End of script. Logfile hash: e5ccfa6b3c, CPU: user 0.14s system 0.02s, MEM: 17.33 MB peak
Yosys 0.33 (git sha1 2584903a060)
Time spent: 70% 2x write_smt2 (0 sec), 22% 2x read_rtlil (0 sec), ...
